lambda_capturing_two_refs.carp:12:6 The reference 'g' isn't alive.
