return_ref_to_arg_via_nth.carp:3:1 The reference '(defn f [xs] (Array.unsafe-nth (ref xs) 0))' isn't alive.
