return_ref_to_arg_direct.carp:3:1 The reference '(defn f [s] (ref (the String s)))' isn't alive.
